ACTIONS:
  a:
    result:
      - I received 1 from you
      - I received 2 from you
      - I received 3 from you
    result_typename: "list"

VARS:
  first: 1
  second: 2
  list: [1, 2, 3]
TRIGGER:
